------------------------------------------------------------
TimeQuest Timing Analyzer Summary
------------------------------------------------------------

Type  : Setup 'TD_CLK27'
Slack : -5.800
TNS   : -181.625

Type  : Setup 'CLOCK_50'
Slack : 5.125
TNS   : 0.000

Type  : Setup 'altera_reserved_tck'
Slack : 9.453
TNS   : 0.000

Type  : Setup 'Write_Kbd_To_Scope_LCD:Write_Kbd_To_LCD1|state[9]'
Slack : 13.198
TNS   : 0.000

Type  : Setup 'Generate_Arbitrary_Divided_Clk32:Generate_LCD_scope_Clk|var_clk_div32:Div_Clk|tc_reg'
Slack : 13.412
TNS   : 0.000

Type  : Setup 'doublesync:ps2c_doublsync|reg2'
Slack : 15.351
TNS   : 0.000

Type  : Setup 'audio_controller:audio_control|audio_clock:u4|LRCK_1X'
Slack : 15.397
TNS   : 0.000

Type  : Setup 'Generate_Arbitrary_Divided_Clk32:Gen_2Hz_clk|var_clk_div32:Div_Clk|tc_reg'
Slack : 15.682
TNS   : 0.000

Type  : Setup 'audio_controller:audio_control|TFF_power_of_2_division_counter_with_auto_phase_inversion:generate_aud_ctrl_clk|widereg:div_regs_gen[1].div_reg|outdata[0]'
Slack : 16.472
TNS   : 0.000

Type  : Setup 'audio_controller:audio_control|TFF_power_of_2_division_counter_with_auto_phase_inversion:generate_aud_ctrl_clk|widereg:div_reg_top|outdata[0]'
Slack : 16.858
TNS   : 0.000

Type  : Setup 'Generate_Arbitrary_Divided_Clk32:Gen_1KHz_clk|var_clk_div32:Div_Clk|tc_reg'
Slack : 17.273
TNS   : 0.000

Type  : Setup 'audio_controller:audio_control|I2C_AV_Config:u3|mI2C_CTRL_CLK'
Slack : 34.511
TNS   : 0.000

Type  : Setup 'Write_Kbd_To_Scope_LCD:Write_Kbd_To_LCD1|state[4]'
Slack : 34.717
TNS   : 0.000

Type  : Setup 'led_flasher:flasher_inst|freq_divider:led_flash_divider|outclk'
Slack : 36.285
TNS   : 0.000

Type  : Setup 'audio_controller:audio_control|audio_clock:u4|oAUD_BCK'
Slack : 36.382
TNS   : 0.000

Type  : Setup 'Write_Kbd_To_Scope_LCD:Write_Kbd_To_LCD1|state[6]'
Slack : 37.054
TNS   : 0.000

Type  : Hold 'Generate_Arbitrary_Divided_Clk32:Generate_LCD_scope_Clk|var_clk_div32:Div_Clk|tc_reg'
Slack : 0.065
TNS   : 0.000

Type  : Hold 'CLOCK_50'
Slack : 0.215
TNS   : 0.000

Type  : Hold 'audio_controller:audio_control|I2C_AV_Config:u3|mI2C_CTRL_CLK'
Slack : 0.265
TNS   : 0.000

Type  : Hold 'Generate_Arbitrary_Divided_Clk32:Gen_1KHz_clk|var_clk_div32:Div_Clk|tc_reg'
Slack : 0.293
TNS   : 0.000

Type  : Hold 'altera_reserved_tck'
Slack : 0.373
TNS   : 0.000

Type  : Hold 'Write_Kbd_To_Scope_LCD:Write_Kbd_To_LCD1|state[4]'
Slack : 0.420
TNS   : 0.000

Type  : Hold 'doublesync:ps2c_doublsync|reg2'
Slack : 0.500
TNS   : 0.000

Type  : Hold 'TD_CLK27'
Slack : 0.526
TNS   : 0.000

Type  : Hold 'audio_controller:audio_control|TFF_power_of_2_division_counter_with_auto_phase_inversion:generate_aud_ctrl_clk|widereg:div_regs_gen[1].div_reg|outdata[0]'
Slack : 0.527
TNS   : 0.000

Type  : Hold 'Write_Kbd_To_Scope_LCD:Write_Kbd_To_LCD1|state[6]'
Slack : 0.784
TNS   : 0.000

Type  : Hold 'audio_controller:audio_control|TFF_power_of_2_division_counter_with_auto_phase_inversion:generate_aud_ctrl_clk|widereg:div_reg_top|outdata[0]'
Slack : 0.791
TNS   : 0.000

Type  : Hold 'led_flasher:flasher_inst|freq_divider:led_flash_divider|outclk'
Slack : 0.981
TNS   : 0.000

Type  : Hold 'audio_controller:audio_control|audio_clock:u4|oAUD_BCK'
Slack : 0.988
TNS   : 0.000

Type  : Hold 'Generate_Arbitrary_Divided_Clk32:Gen_2Hz_clk|var_clk_div32:Div_Clk|tc_reg'
Slack : 2.173
TNS   : 0.000

Type  : Hold 'audio_controller:audio_control|audio_clock:u4|LRCK_1X'
Slack : 2.246
TNS   : 0.000

Type  : Hold 'Write_Kbd_To_Scope_LCD:Write_Kbd_To_LCD1|state[9]'
Slack : 20.171
TNS   : 0.000

Type  : Recovery 'TD_CLK27'
Slack : -1.322
TNS   : -42.184

Type  : Recovery 'speed_down_event_trigger'
Slack : 5.068
TNS   : 0.000

Type  : Recovery 'doublesync:ps2c_doublsync|reg2'
Slack : 5.094
TNS   : 0.000

Type  : Recovery 'Kbd_ctrl:Kbd_Controller|data_ready'
Slack : 5.165
TNS   : 0.000

Type  : Recovery 'speed_up_event_trigger'
Slack : 5.265
TNS   : 0.000

Type  : Recovery 'CLOCK_50'
Slack : 6.076
TNS   : 0.000

Type  : Recovery 'music_fetcher:m_fetch_inst|freq_divider:m_fetch_divider|outclk'
Slack : 13.122
TNS   : 0.000

Type  : Recovery 'doublesync:key2_doublsync|reg2'
Slack : 14.928
TNS   : 0.000

Type  : Recovery 'Write_Kbd_To_Scope_LCD:Write_Kbd_To_LCD1|state[6]'
Slack : 15.109
TNS   : 0.000

Type  : Recovery 'Write_Kbd_To_Scope_LCD:Write_Kbd_To_LCD1|state[5]'
Slack : 15.407
TNS   : 0.000

Type  : Recovery 'audio_controller:audio_control|TFF_power_of_2_division_counter_with_auto_phase_inversion:generate_aud_ctrl_clk|widereg:div_regs_gen[1].div_reg|outdata[0]'
Slack : 15.527
TNS   : 0.000

Type  : Recovery 'audio_controller:audio_control|audio_clock:u4|oAUD_BCK'
Slack : 15.664
TNS   : 0.000

Type  : Recovery 'async_trap_and_reset_gen_1_pulse:make_speedown_pulse|sync2'
Slack : 15.938
TNS   : 0.000

Type  : Recovery 'async_trap_and_reset_gen_1_pulse:make_speedup_pulse|sync2'
Slack : 15.963
TNS   : 0.000

Type  : Recovery 'altera_reserved_tck'
Slack : 27.938
TNS   : 0.000

Type  : Removal 'TD_CLK27'
Slack : 0.401
TNS   : 0.000

Type  : Removal 'CLOCK_50'
Slack : 0.552
TNS   : 0.000

Type  : Removal 'altera_reserved_tck'
Slack : 0.834
TNS   : 0.000

Type  : Removal 'Kbd_ctrl:Kbd_Controller|data_ready'
Slack : 2.113
TNS   : 0.000

Type  : Removal 'doublesync:ps2c_doublsync|reg2'
Slack : 2.138
TNS   : 0.000

Type  : Removal 'async_trap_and_reset_gen_1_pulse:make_speedown_pulse|sync2'
Slack : 2.419
TNS   : 0.000

Type  : Removal 'async_trap_and_reset_gen_1_pulse:make_speedup_pulse|sync2'
Slack : 2.420
TNS   : 0.000

Type  : Removal 'Write_Kbd_To_Scope_LCD:Write_Kbd_To_LCD1|state[5]'
Slack : 2.489
TNS   : 0.000

Type  : Removal 'audio_controller:audio_control|audio_clock:u4|oAUD_BCK'
Slack : 2.513
TNS   : 0.000

Type  : Removal 'doublesync:key2_doublsync|reg2'
Slack : 2.653
TNS   : 0.000

Type  : Removal 'audio_controller:audio_control|TFF_power_of_2_division_counter_with_auto_phase_inversion:generate_aud_ctrl_clk|widereg:div_regs_gen[1].div_reg|outdata[0]'
Slack : 2.718
TNS   : 0.000

Type  : Removal 'Write_Kbd_To_Scope_LCD:Write_Kbd_To_LCD1|state[6]'
Slack : 3.159
TNS   : 0.000

Type  : Removal 'music_fetcher:m_fetch_inst|freq_divider:m_fetch_divider|outclk'
Slack : 4.513
TNS   : 0.000

Type  : Removal 'speed_up_event_trigger'
Slack : 12.930
TNS   : 0.000

Type  : Removal 'speed_down_event_trigger'
Slack : 13.147
TNS   : 0.000

Type  : Minimum Pulse Width 'CLOCK_50'
Slack : 8.472
TNS   : 0.000

Type  : Minimum Pulse Width 'altera_reserved_tck'
Slack : 15.447
TNS   : 0.000

Type  : Minimum Pulse Width 'TD_CLK27'
Slack : 17.115
TNS   : 0.000

Type  : Minimum Pulse Width 'Generate_Arbitrary_Divided_Clk32:Generate_LCD_scope_Clk|var_clk_div32:Div_Clk|tc_reg'
Slack : 18.754
TNS   : 0.000

Type  : Minimum Pulse Width 'Write_Kbd_To_Scope_LCD:Write_Kbd_To_LCD1|state[5]'
Slack : 19.232
TNS   : 0.000

Type  : Minimum Pulse Width 'async_trap_and_reset_gen_1_pulse:make_speedown_pulse|sync2'
Slack : 19.237
TNS   : 0.000

Type  : Minimum Pulse Width 'Kbd_ctrl:Kbd_Controller|data_ready'
Slack : 19.242
TNS   : 0.000

Type  : Minimum Pulse Width 'audio_controller:audio_control|audio_clock:u4|LRCK_1X'
Slack : 19.258
TNS   : 0.000

Type  : Minimum Pulse Width 'Write_Kbd_To_Scope_LCD:Write_Kbd_To_LCD1|state[4]'
Slack : 19.275
TNS   : 0.000

Type  : Minimum Pulse Width 'Generate_Arbitrary_Divided_Clk32:Gen_2Hz_clk|var_clk_div32:Div_Clk|tc_reg'
Slack : 19.293
TNS   : 0.000

Type  : Minimum Pulse Width 'async_trap_and_reset_gen_1_pulse:make_speedup_pulse|sync2'
Slack : 19.298
TNS   : 0.000

Type  : Minimum Pulse Width 'doublesync:ps2c_doublsync|reg2'
Slack : 19.306
TNS   : 0.000

Type  : Minimum Pulse Width 'audio_controller:audio_control|I2C_AV_Config:u3|mI2C_CTRL_CLK'
Slack : 19.331
TNS   : 0.000

Type  : Minimum Pulse Width 'Write_Kbd_To_Scope_LCD:Write_Kbd_To_LCD1|state[9]'
Slack : 19.349
TNS   : 0.000

Type  : Minimum Pulse Width 'audio_controller:audio_control|audio_clock:u4|oAUD_BCK'
Slack : 19.354
TNS   : 0.000

Type  : Minimum Pulse Width 'audio_controller:audio_control|TFF_power_of_2_division_counter_with_auto_phase_inversion:generate_aud_ctrl_clk|widereg:div_reg_top|outdata[0]'
Slack : 19.368
TNS   : 0.000

Type  : Minimum Pulse Width 'led_flasher:flasher_inst|freq_divider:led_flash_divider|outclk'
Slack : 19.387
TNS   : 0.000

Type  : Minimum Pulse Width 'Generate_Arbitrary_Divided_Clk32:Gen_1KHz_clk|var_clk_div32:Div_Clk|tc_reg'
Slack : 19.397
TNS   : 0.000

Type  : Minimum Pulse Width 'doublesync:key2_doublsync|reg2'
Slack : 19.416
TNS   : 0.000

Type  : Minimum Pulse Width 'speed_up_event_trigger'
Slack : 19.419
TNS   : 0.000

Type  : Minimum Pulse Width 'audio_controller:audio_control|TFF_power_of_2_division_counter_with_auto_phase_inversion:generate_aud_ctrl_clk|widereg:div_regs_gen[1].div_reg|outdata[0]'
Slack : 19.420
TNS   : 0.000

Type  : Minimum Pulse Width 'music_fetcher:m_fetch_inst|freq_divider:m_fetch_divider|outclk'
Slack : 19.421
TNS   : 0.000

Type  : Minimum Pulse Width 'Write_Kbd_To_Scope_LCD:Write_Kbd_To_LCD1|state[6]'
Slack : 19.423
TNS   : 0.000

Type  : Minimum Pulse Width 'speed_down_event_trigger'
Slack : 19.432
TNS   : 0.000

------------------------------------------------------------
