------------------------------------------------------------
Timing Analyzer Summary
------------------------------------------------------------

Type  : Slow 1100mV 125C Model Setup 'altera_reserved_tck'
Slack : 9.197
TNS   : 0.000

Type  : Slow 1100mV 125C Model Hold 'altera_reserved_tck'
Slack : 0.604
TNS   : 0.000

Type  : Slow 1100mV 125C Model Recovery 'altera_reserved_tck'
Slack : 29.645
TNS   : 0.000

Type  : Slow 1100mV 125C Model Removal 'altera_reserved_tck'
Slack : 1.117
TNS   : 0.000

Type  : Slow 1100mV 125C Model Minimum Pulse Width 'altera_reserved_tck'
Slack : 15.396
TNS   : 0.000

Type  : Slow 1100mV -40C Model Setup 'altera_reserved_tck'
Slack : 9.373
TNS   : 0.000

Type  : Slow 1100mV -40C Model Hold 'altera_reserved_tck'
Slack : 0.622
TNS   : 0.000

Type  : Slow 1100mV -40C Model Recovery 'altera_reserved_tck'
Slack : 29.842
TNS   : 0.000

Type  : Slow 1100mV -40C Model Removal 'altera_reserved_tck'
Slack : 1.074
TNS   : 0.000

Type  : Slow 1100mV -40C Model Minimum Pulse Width 'altera_reserved_tck'
Slack : 15.438
TNS   : 0.000

Type  : Fast 1100mV 125C Model Setup 'altera_reserved_tck'
Slack : 12.685
TNS   : 0.000

Type  : Fast 1100mV 125C Model Hold 'altera_reserved_tck'
Slack : 0.203
TNS   : 0.000

Type  : Fast 1100mV 125C Model Recovery 'altera_reserved_tck'
Slack : 30.923
TNS   : 0.000

Type  : Fast 1100mV 125C Model Removal 'altera_reserved_tck'
Slack : 0.460
TNS   : 0.000

Type  : Fast 1100mV 125C Model Minimum Pulse Width 'altera_reserved_tck'
Slack : 15.218
TNS   : 0.000

Type  : Fast 1100mV -40C Model Setup 'altera_reserved_tck'
Slack : 13.383
TNS   : 0.000

Type  : Fast 1100mV -40C Model Hold 'altera_reserved_tck'
Slack : 0.176
TNS   : 0.000

Type  : Fast 1100mV -40C Model Recovery 'altera_reserved_tck'
Slack : 31.355
TNS   : 0.000

Type  : Fast 1100mV -40C Model Removal 'altera_reserved_tck'
Slack : 0.363
TNS   : 0.000

Type  : Fast 1100mV -40C Model Minimum Pulse Width 'altera_reserved_tck'
Slack : 15.233
TNS   : 0.000

------------------------------------------------------------
